%{
%}

%%

[a-z.0-9]+@[a-z]+.(com|in) {printf("\n the email id entered is valid\n");}
.+ {printf("\n the email id entered is invalid\n");}

%%

int yywrap()
{}

int main()
{
printf("\n enter the Email ID:");
yylex();
}

OUTPUT;

Microsoft Windows [Version 10.0.22621.2428]
(c) Microsoft Corporation. All rights reserved.

C:\Users\jagadees>set path=C:\Program Files (x86)\GnuWin32\bin

C:\Users\jagadees>flex email.l.txt

C:\Users\jagadees>set path=C:\MinGW\bin

C:\Users\jagadees>gcc lex.yy.c

C:\Users\jagadees>a

 enter the Email ID:kumarmahi9999@gmail.in

 the email id entered is valid

kumarmahi99999@gmail.com

 the email id entered is valid
