%{
#include<stdio.h>
%}

%%

if|else|while|int|switch|for|char { printf("\n%s is a KEYWORD", yytext);}
[a-zA-Z0-9]+ { printf("\n%s is IDENTIFIER", yytext);}

%%
int yywrap( ){}
int main()
{
printf("Enter the input:");
	while(yylex());
}

output:
Microsoft Windows [Version 10.0.22621.2428]
(c) Microsoft Corporation. All rights reserved.

C:\Users\jagadees>set path=C:\Program Files (x86)\GnuWin32\bin

C:\Users\jagadees>flex keyword.l.txt

C:\Users\jagadees>set path=C:\MinGW\bin

C:\Users\jagadees>gcc lex.yy.c
c:/mingw/bin/../lib/gcc/mingw32/6.3.0/../../../../mingw32/bin/ld.exe: cannot open output file a.exe: Permission denied
collect2.exe: error: ld returned 1 exit status

C:\Users\jagadees>gcc lex.yy.c

C:\Users\jagadees>a
Enter the input:jaga

jaga is IDENTIFIER